// Jest Snapshot v1, https://goo.gl/fbAQLP

exports[`Posts should render correctly 1`] = `
<div
  className="container"
>
  <div
    className="search"
  >
    <ConnectFunction />
  </div>
  <ConnectFunction />
</div>
`;
